 Entering Gaussian System, Link 0 = g09



 Center     Atomic      Atomic             Coordinates (Angstroms)


       1         6         0     0.000000     0.000009     1.966049
       2         6         0     0.000000    -0.000016     0.766032
       3         6         0    -0.000000    -0.000018    -0.766032
       4         6         0     0.000000     0.000009    -1.966049
       5         1         0    -0.000000     0.000047     3.030874
       6         1         0     0.000000     0.000051    -3.030873
 SCF Done: =  -152.430915093


 incident light, reduced masses

                      1                      2                      3
                      A                      A                      A
 Frequencies --   296.2900               659.0400              684.7300
 Red. masses --   3.6025                 7.7303               3.5036
 Frc consts  --   0.1863                 1.9782                0.9678
 IR Inten    --   0.0000                 0.0000                0.0000
  Atom  AN      X      Y      Z        X      Y      Z        X      Y      Z
     1         -0.00   -0.22    0.00    0.00    0.00    0.42   -0.06    0.00    -0.00
     2         0.00    0.27    0.00    -0.00    -0.00    0.36    0.35   -0.01    0.00
     3         0.00    0.27    -0.00    0.00    -0.00   -0.36   -0.32    0.01    0.00
     4         -0.00   -0.22    -0.00    -0.00    0.00   -0.42    0.04   -0.00    -0.00
     5         -0.00   -0.62    0.00    0.00    0.00    0.44   -0.65    0.01    -0.00
     6         -0.00   -0.62    -0.00    -0.00    0.00   -0.44    0.60   -0.01    -0.00
                      4                      5                      6
                      A                      A                      A
 Frequencies --   685.6100               959.5400              975.8700
 Red. masses --   3.4994                 1.6454               1.3135
 Frc consts  --   0.9692                 0.8926                0.7370
 IR Inten    --   0.0000                 0.0000                0.0000
  Atom  AN      X      Y      Z        X      Y      Z        X      Y      Z
     1        -0.00   -0.05    0.00   -0.14    -0.00    0.00    0.00   -0.11    0.00
     2         0.01    0.33    -0.00    0.08    0.00    -0.00    -0.00    0.05    -0.00
     3        -0.01   -0.33    -0.00    0.09    0.00    0.00    -0.00    0.05    0.00
     4         0.00    0.05    0.00   -0.15    -0.00    -0.00    0.00   -0.11    -0.00
     5        -0.01   -0.62    0.00    0.69    0.00    -0.00   -0.00    0.70    -0.00
     6         0.01    0.62    0.00    0.68    0.00    0.00   -0.00    0.70    0.00
                      7                      8                      9
                      A                      A                      A
 Frequencies --   1005.7400               1005.7400              2235.5900
 Red. masses --   1.5254                 1.5254               5.3557
 Frc consts  --   0.9091                 0.9091                15.7709
 IR Inten    --   0.0000                 0.0000                0.0000
  Atom  AN      X      Y      Z        X      Y      Z        X      Y      Z
     1        -0.12   -0.01    0.00   -0.01    0.12    -0.00    0.00    -0.00   -0.29
     2         0.09    0.01    -0.00    0.01   -0.09    0.00    -0.00    0.00    0.34
     3        -0.09   -0.01    -0.00   -0.01    0.09    0.00    -0.00    -0.00    0.34
     4         0.12    0.01    0.00    0.01   -0.12    -0.00    0.00    0.00   -0.29
     5         0.69    0.05    -0.00    0.05   -0.69    0.00    0.00    -0.00   -0.55
     6        -0.69   -0.05    -0.00   -0.05    0.69    0.00    0.00    0.00   -0.55
                      7                      8                      9
                      A                      A                      A
 Frequencies --   1005.7400               1005.7400              2235.5900
 Red. masses --   1.5254                 1.5254               5.3557
 Frc consts  --   0.9091                 0.9091                15.7709
 IR Inten    --   0.0000                 0.0000                0.0000
  Atom  AN      X      Y      Z        X      Y      Z        X      Y      Z
     1        -0.12   -0.01    0.00   -0.01    0.12    -0.00    0.00    -0.00   -0.29
     2         0.09    0.01    -0.00    0.01   -0.09    0.00    -0.00    0.00    0.34
     3        -0.09   -0.01    -0.00   -0.01    0.09    0.00    -0.00    -0.00    0.34
     4         0.12    0.01    0.00    0.01   -0.12    -0.00    0.00    0.00   -0.29
     5         0.69    0.05    -0.00    0.05   -0.69    0.00    0.00    -0.00   -0.55
     6        -0.69   -0.05    -0.00   -0.05    0.69    0.00    0.00    0.00   -0.55

 Temperature   298.150000 Kelvin.  Pressure   1.000000 Atm.
 Atom      1.000000 has atomic number  6 and mass  12.000000
 Atom      2.000000 has atomic number  6 and mass  12.000000
 Atom      3.000000 has atomic number  6 and mass  12.000000
 Atom      4.000000 has atomic number  6 and mass  12.000000
 Atom      5.000000 has atomic number  1 and mass  1.007830
 Atom      6.000000 has atomic number  1 and mass  1.007830
