 Entering Gaussian System, Link 0 = g09



 Center     Atomic      Atomic             Coordinates (Angstroms)


       1         7          0         -0.000000     0.000000    -0.544563
       2         7          0         -0.000000     -0.000000     0.544563
 SCF Done: =  -108.868005027
