 Entering Gaussian System, Link 0 = g09



 Center     Atomic      Atomic             Coordinates (Angstroms)


       1         8          0        -0.031033    -0.113581     0.000000
       2         1          0        -0.738410     0.536056     -0.000000
       3         1          0         0.986676     0.372595     0.000000
 SCF Done: =  -76.386845020
