
Running Job 1 of 1 input
qchem input_31643.0 /aimm/scratch/qchem31643/ 0
/home/epif/aimm/qcprog.exe_s input_31643.0 /aimm/scratch/qchem31643/
8388608
                  Welcome to Q-Chem
     A Quantum Leap Into The Future Of Chemistry


 Q-Chem 6.0, Q-Chem, Inc., Pleasanton, CA (2022)

 E. Epifanovsky,  A. T. B. Gilbert,  Xintian Feng,  Joonho Lee,  Yuezhi Mao,  
 N. Mardirossian,  P. Pokhilko,  A. White,  M. Wormit,  M. P. Coons,  
 A. L. Dempwolff,  Zhengting Gan,  D. Hait,  P. R. Horn,  L. D. Jacobson,  
 I. Kaliman,  J. Kussmann,  A. W. Lange,  Ka Un Lao,  D. S. Levine,  Jie Liu,  
 S. C. McKenzie,  A. F. Morrison,  K. Nanda,  F. Plasser,  D. R. Rehn,  
 M. L. Vidal,  Zhi-Qiang You,  Ying Zhu,  B. Alam,  B. Albrecht,  
 A. Aldossary,  E. Alguire,  J. H. Andersen,  V. Athavale,  D. Barton,  
 K. Begam,  A. Behn,  N. Bellonzi,  Y. A. Bernard,  E. J. Berquist,  
 H. Burton,  A. Carreras,  K. Carter-Fenk,  Romit Chakraborty,  
 Chandrima Chakravarty,  Junhan Chen,  A. D. Chien,  K. D. Closser,  
 V. Cofer-Shabica,  L. Cunha,  S. Dasgupta,  Jia Deng,  M. de Wergifosse,  
 M. Diedenhofen,  Hainam Do,  S. Ehlert,  Po-Tung Fang,  S. Fatehi,  
 Qingguo Feng,  T. Friedhoff,  B. Ganoe,  J. Gayvert,  Qinghui Ge,  
 G. Gidofalvi,  M. Goldey,  J. Gomes,  C. Gonzalez-Espinoza,  S. Gulania,  
 A. Gunina,  J. A. Gyamfi,  M. W. D. Hanson-Heine,  P. H. P. Harbach,  
 A. W. Hauser,  M. F. Herbst,  M. Hernandez Vera,  M. Hodecker,  
 Z. C. Holden,  S. Houck,  Xunkun Huang,  Kerwin Hui,  B. C. Huynh,  
 K. Ikeda,  M. Ivanov,  Hyunjun Ji,  Zuxin Jin,  Hanjie Jiang,  B. Kaduk,  
 S. Kaehler,  R. Kang,  K. Khistyaev,  Jaehoon Kim,  Yongbin Kim,  
 P. Klunzinger,  Z. Koczor-Benda,  Joong Hoon Koh,  D. Kosenkov,  
 Saikiran Kotaru,  L. Koulias,  T. Kowalczyk,  C. M. Krauter,  K. Kue,  
 A. Kunitsa,  T. Kus,  A. Landau,  K. V. Lawler,  D. Lefrancois,  S. Lehtola,  
 Rain Li,  Shaozhi Li,  Yi-Pei Li,  Jiashu Liang,  M. Liebenthal,  
 Hung-Hsuan Lin,  You-Sheng Lin,  Fenglai Liu,  Kuan-Yu Liu,  
 M. Loipersberger,  A. Luenser,  C. Malbon,  A. Manjanath,  P. Manohar,  
 E. Mansoor,  S. F. Manzer,  Shan-Ping Mao,  A. V. Marenich,  T. Markovich,  
 S. Mason,  F. Matz,  S. A. Maurer,  P. F. McLaughlin,  M. F. S. J. Menger,  
 J.-M. Mewes,  S. A. Mewes,  P. Morgante,  Mohammad Mostafanejad,  
 J. W. Mullinax,  K. J. Oosterbaan,  G. Paran,  V. Parravicini,  
 Alexander C. Paul,  Suranjan K. Paul,  F. Pavosevic,  Zheng Pei,  S. Prager,  
 E. I. Proynov,  E. Ramos,  B. Rana,  A. E. Rask,  A. Rettig,  R. M. Richard,  
 F. Rob,  E. Rossomme,  T. Scheele,  M. Scheurer,  M. Schneider,  
 P. E. Schneider,  N. Sergueev,  S. M. Sharada,  Hengyuan Shen,  
 W. Skomorowski,  D. W. Small,  C. J. Stein,  Yingli Su,  Yu-Chuan Su,  
 E. J. Sundstrom,  Zhen Tao,  J. Thirman,  Hung-Yi Tsai,  T. Tsuchimochi,  
 N. M. Tubman,  C. Utku,  S. P. Veccham,  O. Vydrov,  J. Wenzel,  
 Jonathan Wong,  J. Witte,  A. Yamada,  Chou-Hsun Yang,  Kun Yao,  
 S. Yeganeh,  S. R. Yost,  A. Zech,  F. Zeller,  Igor Ying Zhang,  
 Xing Zhang,  Yu Zhang,  D. Zuev,  A. Aspuru-Guzik,  A. T. Bell,  
 N. A. Besley,  K. B. Bravaya,  B. R. Brooks,  D. Casanova,  Jeng-Da Chai,  
 Hsing-Ta Chen,  S. Coriani,  C. J. Cramer,  A. E. DePrince, III,  
 R. A. DiStasio Jr.,  A. Dreuw,  B. D. Dunietz,  T. R. Furlani,  
 W. A. Goddard III,  S. Grimme,  S. Hammes-Schiffer,  T. Head-Gordon,  
 W. J. Hehre,  Chao-Ping Hsu,  T.-C. Jagau,  Yousung Jung,  A. Klamt,  
 Jing Kong,  D. S. Lambrecht,  Xiangyuan Li,  WanZhen Liang,  N. J. Mayhall,  
 C. W. McCurdy,  J. B. Neaton,  T. Neudecker,  C. Ochsenfeld,  
 J. A. Parkhill,  R. Peverati,  V. A. Rassolov,  Haisheng Ren,  Yihan Shao,  
 L. V. Slipchenko,  R. P. Steele,  J. E. Subotnik,  A. J. W. Thom,  
 A. Tkatchenko,  D. G. Truhlar,  T. Van Voorhis,  Fan Wang,  
 T. A. Wesolowski,  K. B. Whaley,  H. L. Woodcock III,  P. M. Zimmerman,  
 S. Faraji,  P. M. W. Gill,  M. Head-Gordon,  J. M. Herbert,  A. I. Krylov

 Contributors to earlier versions of Q-Chem not listed above: 
 R. D. Adamson,  B. Austin,  R. Baer,  J. Baker,  G. J. O. Beran,  
 K. Brandhorst,  S. T. Brown,  E. F. C. Byrd,  Arup K. Chakraborty,  
 G. K. L. Chan,  Chun-Min Chang,  Yunqing Chen,  C.-L. Cheng,  
 Siu Hung Chien,  D. M. Chipman,  D. L. Crittenden,  H. Dachsel,  
 R. J. Doerksen,  A. D. Dutoi,  R. G. Edgar,  J. Fosso-Tande,  
 L. Fusti-Molnar,  D. Ghosh,  A. Ghysels,  A. Golubeva-Zadorozhnaya,  
 J. Gonthier,  M. S. Gordon,  S. R. Gwaltney,  G. Hawkins,  J. E. Herr,  
 A. Heyden,  S. Hirata,  E. G. Hohenstein,  G. Kedziora,  F. J. Keil,  
 C. Kelley,  Jihan Kim,  R. A. King,  R. Z. Khaliullin,  P. P. Korambath,  
 W. Kurlancheek,  A. Laurent,  A. M. Lee,  M. S. Lee,  S. V. Levchenko,  
 Ching Yeh Lin,  D. Liotard,  E. Livshits,  R. C. Lochan,  I. Lotan,  
 L. A. Martinez-Martinez,  P. E. Maslen,  N. Nair,  D. P. O'Neill,  
 D. Neuhauser,  E. Neuscamman,  C. M. Oana,  R. Olivares-Amaya,  R. Olson,  
 T. M. Perrine,  B. Peters,  P. A. Pieniazek,  A. Prociuk,  Y. M. Rhee,  
 J. Ritchie,  M. A. Rohrdanz,  E. Rosta,  N. J. Russ,  H. F. Schaefer III,  
 M. W. Schmidt,  N. E. Schultz,  S. Sharma,  N. Shenvi,  C. D. Sherrill,  
 A. C. Simmonett,  A. Sodt,  T. Stein,  D. Stuck,  K. S. Thanthiriwatte,  
 V. Vanovschi,  L. Vogt,  Tao Wang,  A. Warshel,  M. A. Watson,  
 C. F. Williams,  Q. Wu,  X. Xu,  Jun Yang,  W. Zhang,  Yan Zhao

   Please cite Q-Chem as follows:
  "Software for the frontiers of quantum chemistry:
   An overview of developments in the Q-Chem 5 package"
   J. Chem. Phys. 155, 084801 (2021)
   https://doi.org/10.1063/5.0055522 (open access)

 Q-Chem 6.0.0 for Intel X86 EM64T Linux

 Parts of Q-Chem use Armadillo 9.900.5 (Nocturnal Misbehaviour).
 http://arma.sourceforge.net/

 Q-Chem begins on Thu Oct 20 09:10:41 2022  

 Host: iqmol
0

     Scratch files written to /aimm/scratch/qchem31643//
 Jul222 |scratch|qcdevops|jenkins|workspace|build_RNUM 6466   
 Processing $rem in /opt/qchem/qc600/config/preferences:
 Processing $rem in /home/epif/.qchemrc:

 Checking the input file for inconsistencies... 	...done.

--------------------------------------------------------------
User input:
--------------------------------------------------------------
$molecule
0 1
C   -0.4537937    1.1210207   -0.2855922
O    0.1031780    0.3064094    0.3919034
O   -1.0107658    1.9356302   -0.9630895
$end

$rem
BASIS  =  6-31G
GUI  =  2
JOB_TYPE  =  Frequency
METHOD  =  HF
SCF_CONVERGENCE  =  8
$end

--------------------------------------------------------------
 Atom   1: (  0.0000009116,  0.0000000000, -0.0000000279)
         ->(  0.0000000000,  0.0000000000,  0.0000000000)
 ----------------------------------------------------------------
             Standard Nuclear Orientation (Angstroms)
    I     Atom           X                Y                Z
 ----------------------------------------------------------------
    1      C       0.0000000000     0.0000000000     0.0000000000
    2      O      -0.0000012534    -0.0000000000     1.1970001390
    3      O      -0.0000012534    -0.0000000000    -1.1970000623
 ----------------------------------------------------------------
 Molecular Point Group                 D*h   NOp =***
 Largest Abelian Subgroup              D2h   NOp =  1
 Nuclear Repulsion Energy =          56.58703199 hartrees
 There are       11 alpha and       11 beta electrons
 Requested basis set is 6-31G
 There are 9 shells and 27 basis functions

 Total QAlloc Memory Limit   8000 MB
 Mega-Array Size       188 MB
 MEM_STATIC part       192 MB


                       Distance Matrix (Angstroms)
             C (  1)   O (  2)
   O (  2)  1.197000
   O (  3)  1.197000  2.394000
 
 A cutoff of  1.0D-12 yielded     44 shell pairs
 There are       413 function pairs
 Smallest overlap matrix eigenvalue = 9.47E-03
 Guess from superposition of atomic densities
 Warning:  Energy on first SCF cycle will be non-variational
 SAD guess density has 22.000000 electrons

 -----------------------------------------------------------------------
  General SCF calculation program by
  Eric Jon Sundstrom, Paul Horn, Yuezhi Mao, Dmitri Zuev, Alec White,
  David Stuck, Shaama M.S., Shane Yost, Joonho Lee, David Small,
  Daniel Levine, Susi Lehtola, Hugh Burton, Evgeny Epifanovsky,
  Bang C. Huynh
 -----------------------------------------------------------------------
 Hartree-Fock
 A restricted SCF calculation will be
 performed using DIIS
 SCF converges when DIIS error is below 1.0e-08
 ---------------------------------------
  Cycle       Energy         DIIS error
 ---------------------------------------
    1    -188.0172838896      2.06e-01  
    2    -187.4025984156      3.52e-02  
    3    -187.4642175143      2.54e-02  
    4    -187.5095540865      1.80e-03  
    5    -187.5098352793      3.48e-04  
    6    -187.5098541858      5.31e-05  
    7    -187.5098548332      1.64e-05  
    8    -187.5098548819      2.89e-06  
    9    -187.5098548831      3.06e-07  
   10    -187.5098548831      1.50e-08  
   11    -187.5098548831      9.22e-09  Convergence criterion met
 ---------------------------------------
 SCF time:   CPU 0.15s  wall 1.00s 
 SCF   energy in the final basis set =     -187.5098548831
 Total energy in the final basis set =     -187.5098548831
 
 --------------------------------------------------------------
 
                    Orbital Energies (a.u.)
 --------------------------------------------------------------
 
 Alpha MOs
 -- Occupied --
-20.6880 -20.6879 -11.5186  -1.5450  -1.4954  -0.8002  -0.7310  -0.7171
 -0.7171  -0.5365  -0.5365
 -- Virtual --
  0.1538   0.1538   0.2213   0.5173   0.6583   0.6583   0.8126   0.9558
  1.1328   1.1545   1.1545   1.3183   1.3183   1.3286   1.9070   2.2456
 --------------------------------------------------------------
 
          Ground-State Mulliken Net Atomic Charges

     Atom                 Charge (a.u.)
  ----------------------------------------
      1 C                     0.903805
      2 O                    -0.451903
      3 O                    -0.451903
  ----------------------------------------
  Sum of atomic charges =     0.000000

 -----------------------------------------------------------------
                    Cartesian Multipole Moments
 -----------------------------------------------------------------
    Charge (ESU x 10^10)
                -0.0000
    Dipole Moment (Debye)
         X       0.0000      Y       0.0000      Z      -0.0000
       Tot       0.0000
    Quadrupole Moments (Debye-Ang)
        XX     -14.9110     XY      -0.0000     YY     -14.9110
        XZ       0.0000     YZ      -0.0000     ZZ     -22.3096
    Octopole Moments (Debye-Ang^2)
       XXX       0.0000    XXY       0.0000    XYY       0.0000
       YYY       0.0000    XXZ      -0.0000    XYZ       0.0000
       YYZ      -0.0000    XZZ       0.0000    YZZ       0.0000
       ZZZ      -0.0000
    Hexadecapole Moments (Debye-Ang^3)
      XXXX     -10.9805   XXXY      -0.0000   XXYY      -3.6602
      XYYY      -0.0000   YYYY     -10.9805   XXXZ       0.0000
      XXYZ      -0.0000   XYYZ       0.0000   YYYZ      -0.0000
      XXZZ     -20.0445   XYZZ      -0.0000   YYZZ     -20.0445
      XZZZ       0.0000   YZZZ      -0.0000   ZZZZ    -114.9245
 -----------------------------------------------------------------
 Calculating MO derivatives via CPSCF
    1     0    12    0.1143026  
    2     0    12    0.0152663  
    3     0    12    0.0020932  
    4     0    12    0.0009462  
    5     0    12    0.0001166  
    6     4     8    0.0000114  
    7    10     2    0.0000011  
    8    12     0    0.0000001  Converged
 ------------------------------------------------------------------------------
                     AOints        : Timing summary (seconds)
 ------------------------------------------------------------------------------
     job step          cpu (% of tot)      sys (% of tot)     wall (% of tot)
 ------------------------------------------------------------------------------
  AOints            0.1300E-01 ( 3.5)   0.0000E+00 ( 0.0)   0.1345E-01 ( 3.6)
 ------------------------------------------------------------------------------
   Grand Totals     0.3720E+00          0.1000E-05          0.3714E+00
 ------------------------------------------------------------------------------
 Polarizability Matrix (a.u.)
            1           2           3
    1  -5.8076393  -0.0000000   0.0000000
    2  -0.0000000  -5.8076393   0.0000000
    3   0.0000000   0.0000000 -23.3543376
 Calculating analytic Hessian of the SCF energy
 
 Direct stationary perturbation theory relativistic correction:
 
 rels  =       0.075091150660
 relv  =      -0.274853441919
 rel2e =       0.074280554026
 E_rel =      -0.125481737232
 
 **********************************************************************
 **                                                                  **
 **                       VIBRATIONAL ANALYSIS                       **
 **                       --------------------                       **
 **                                                                  **
 **        VIBRATIONAL FREQUENCIES (CM**-1) AND NORMAL MODES         **
 **     FORCE CONSTANTS (mDYN/ANGSTROM) AND REDUCED MASSES (AMU)     **
 **                  INFRARED INTENSITIES (KM/MOL)                   **
 **                                                                  **
 **********************************************************************
 

 Mode:                 1                      2                      3
 Frequency:       736.81                 736.81                1234.17
 Force Cnst:      4.1190                 4.1190                14.3544
 Red. Mass:      12.8774                12.8774                15.9949
 IR Active:          YES                    YES                    YES
 IR Intens:       63.381                 63.381                  0.000
 Raman Active:       YES                    YES                    YES
               X      Y      Z        X      Y      Z        X      Y      Z
 C         -0.000  0.883 -0.000    0.883  0.000 -0.000    0.000  0.000 -0.000
 O          0.000 -0.331  0.000   -0.331 -0.000 -0.000   -0.000 -0.000  0.707
 O          0.000 -0.331 -0.000   -0.331 -0.000  0.000   -0.000 -0.000 -0.707
 TransDip  -0.000  0.255 -0.000    0.255  0.000 -0.000    0.000  0.000 -0.000

 Mode:                 4
 Frequency:      2014.92
 Force Cnst:     30.8029
 Red. Mass:      12.8774
 IR Active:          YES
 IR Intens:      824.699
 Raman Active:       YES
               X      Y      Z        X      Y      Z        X      Y      Z
 C          0.000  0.000  0.883
 O          0.000  0.000 -0.331
 O         -0.000 -0.000 -0.331
 TransDip   0.000  0.000  0.920

 STANDARD THERMODYNAMIC QUANTITIES AT   298.15 K  AND     1.00 ATM

   This Molecule has  0 Imaginary Frequencies
   Zero point vibrational energy:        6.751 kcal/mol

   Atom    1 Element C  Has Mass   12.00000
   Atom    2 Element O  Has Mass   15.99491
   Atom    3 Element O  Has Mass   15.99491
   Molecular Mass:    43.989820 amu
   Principal axes and moments of inertia in amu*Bohr^2:
                             1           2           3
    Eigenvalues --        0.00000   163.68086   163.68086
          X               0.00000     1.00000     0.00001
          Y               0.00000    -0.00001     1.00000
          Z               1.00000    -0.00000    -0.00000
   Rotational Symmetry Number is   2
   The Molecule is a Symmetric Top
   Translational Enthalpy:        0.889 kcal/mol
   Rotational Enthalpy:           0.592 kcal/mol
   Vibrational Enthalpy:          6.885 kcal/mol
   gas constant (RT):             0.592 kcal/mol
   Translational Entropy:        37.270  cal/mol.K
   Rotational Entropy:           13.197  cal/mol.K
   Vibrational Entropy:           0.568  cal/mol.K

   Total Enthalpy:                8.959 kcal/mol
   Total Entropy:                51.035  cal/mol.K
 Total job time:  0.87s(wall), 0.86s(cpu) 
 Thu Oct 20 09:10:42 2022

        *************************************************************
        *                                                           *
        *  Thank you very much for using Q-Chem.  Have a nice day.  *
        *                                                           *
        *************************************************************


