                  Welcome to Q-Chem
     A Quantum Leap Into The Future Of Chemistry


 Q-Chem 5.3 (devel), Q-Chem, Inc., Pleasanton, CA (2020)

 Yihan Shao,  Zhengting Gan,  E. Epifanovsky,  A. T. B. Gilbert,  M. Wormit,  
 J. Kussmann,  A. W. Lange,  A. Behn,  Jia Deng,  Xintian Feng,  D. Ghosh,  
 M. Goldey,  P. R. Horn,  L. D. Jacobson,  I. Kaliman,  T. Kus,  A. Landau,  
 Jie Liu,  E. I. Proynov,  R. M. Richard,  R. P. Steele,  E. J. Sundstrom,  
 H. L. Woodcock III,  P. M. Zimmerman,  D. Zuev,  B. Alam,  B. Albrecht,  
 A. Aldossary,  E. Alguire,  S. A. Baeppler,  D. Barton,  Z. Benda,  
 Y. A. Bernard,  E. J. Berquist,  K. B. Bravaya,  H. Burton,  K. Carter-Fenk,  
 D. Casanova,  Chun-Min Chang,  Yunqing Chen,  A. Chien,  K. D. Closser,  
 M. P. Coons,  S. Coriani,  S. Dasgupta,  A. L. Dempwolff,  M. Diedenhofen,  
 Hainam Do,  R. G. Edgar,  Po-Tung Fang,  S. Faraji,  S. Fatehi,  
 Qingguo Feng,  J. Fosso-Tande,  J. Gayvert,  Qinghui Ge,  A. Ghysels,  
 G. Gidofalvi,  J. Gomes,  J. Gonthier,  S. Gulania,  A. Gunina,  D. Hait,  
 M. W. D. Hanson-Heine,  S. Hammes-Schiffer,  P. H. P. Harbach,  
 A. W. Hauser,  M. F. Herbst,  J. E. Herr,  E. G. Hohenstein,  Z. C. Holden,  
 S. Houck,  Kerwin Hui,  B. C. Huynh,  M. Ivanov,  T.-C. Jagau,  Hyunjun Ji,  
 B. Kaduk,  K. Khistyaev,  Jaehoon Kim,  P. Klunzinger,  K. Koh,  
 D. Kosenkov,  L. Koulias,  T. Kowalczyk,  C. M. Krauter,  A. Kunitsa,  
 Ka Un Lao,  A. Laurent,  K. V. Lawler,  Joonho Lee,  D. Lefrancois,  
 S. Lehtola,  D. S. Levine,  Yi-Pei Li,  You-Sheng Lin,  Fenglai Liu,  
 Kuan-Yu Liu,  E. Livshits,  M. Loipersberger,  A. Luenser,  P. Manohar,  
 E. Mansoor,  S. F. Manzer,  Shan-Ping Mao,  Yuezhi Mao,  N. Mardirossian,  
 A. V. Marenich,  T. Markovich,  L. A. Martinez-Martinez,  S. A. Maurer,  
 N. J. Mayhall,  S. C. McKenzie,  J.-M. Mewes,  P. Morgante,  A. F. Morrison,  
 J. W. Mullinax,  K. Nanda,  T. S. Nguyen-Beck,  R. Olivares-Amaya,  
 K. J. Oosterbaan,  J. A. Parkhill,  S. K. Paul,  F. Pavosevic,  Zheng Pei,  
 T. M. Perrine,  F. Plasser,  P. Pokhilko,  S. Prager,  A. Prociuk,  
 E. Ramos,  B. Rana,  D. R. Rehn,  F. Rob,  E. Rossomme,  M. Scheurer,  
 M. Schneider,  N. Sergueev,  S. M. Sharada,  S. Sharma,  W. Skomorowski,  
 D. W. Small,  T. Stauch,  C. J. Stein,  T. Stein,  Yu-Chuan Su,  
 S. P. Veccham,  Zhen Tao,  A. J. W. Thom,  A. Tkatchenko,  T. Tsuchimochi,  
 N. M. Tubman,  L. Vogt,  M. L. Vidal,  O. Vydrov,  M. A. Watson,  J. Wenzel,  
 M. de Wergifosse,  T. A. Wesolowski,  A. White,  J. Witte,  A. Yamada,  
 Jun Yang,  K. Yao,  S. Yeganeh,  S. R. Yost,  Zhi-Qiang You,  A. Zech,  
 Igor Ying Zhang,  Xing Zhang,  Yan Zhao,  Ying Zhu,  B. R. Brooks,  
 G. K. L. Chan,  C. J. Cramer,  M. S. Gordon,  W. J. Hehre,  A. Klamt,  
 M. W. Schmidt,  C. D. Sherrill,  D. G. Truhlar,  A. Aspuru-Guzik,  R. Baer,  
 A. T. Bell,  N. A. Besley,  Jeng-Da Chai,  A. E. DePrince, III,  
 R. A. DiStasio Jr.,  A. Dreuw,  B. D. Dunietz,  T. R. Furlani,  
 Chao-Ping Hsu,  Yousung Jung,  Jing Kong,  D. S. Lambrecht,  WanZhen Liang,  
 C. Ochsenfeld,  V. A. Rassolov,  L. V. Slipchenko,  J. E. Subotnik,  
 T. Van Voorhis,  J. M. Herbert,  A. I. Krylov,  P. M. W. Gill,  M. Head-Gordon

 Contributors to earlier versions of Q-Chem not listed above: 
 R. D. Adamson,  B. Austin,  J. Baker,  G. J. O. Beran,  K. Brandhorst,  
 S. T. Brown,  E. F. C. Byrd,  A. K. Chakraborty,  C.-L. Cheng,  
 Siu Hung Chien,  D. M. Chipman,  D. L. Crittenden,  H. Dachsel,  
 R. J. Doerksen,  A. D. Dutoi,  L. Fusti-Molnar,  W. A. Goddard III,  
 A. Golubeva-Zadorozhnaya,  S. R. Gwaltney,  G. Hawkins,  A. Heyden,  
 S. Hirata,  G. Kedziora,  F. J. Keil,  C. Kelley,  Jihan Kim,  R. A. King,  
 R. Z. Khaliullin,  P. P. Korambath,  W. Kurlancheek,  A. M. Lee,  M. S. Lee,  
 S. V. Levchenko,  Ching Yeh Lin,  D. Liotard,  R. C. Lochan,  I. Lotan,  
 P. E. Maslen,  N. Nair,  D. P. O'Neill,  D. Neuhauser,  E. Neuscamman,  
 C. M. Oana,  R. Olson,  B. Peters,  R. Peverati,  P. A. Pieniazek,  
 Y. M. Rhee,  J. Ritchie,  M. A. Rohrdanz,  E. Rosta,  N. J. Russ,  
 H. F. Schaefer III,  N. E. Schultz,  N. Shenvi,  A. C. Simmonett,  A. Sodt,  
 D. Stuck,  K. S. Thanthiriwatte,  V. Vanovschi,  Tao Wang,  A. Warshel,  
 C. F. Williams,  Q. Wu,  X. Xu,  W. Zhang

 Please cite Q-Chem as follows:
 Y. Shao et al., Mol. Phys. 113, 184-215 (2015)
 DOI: 10.1080/00268976.2014.952696

 Q-Chem 5.3.0 for Intel X86 EM64T Linux

 Parts of Q-Chem use Armadillo 9.800.1 (Horizon Scraper).
 http://arma.sourceforge.net/

 Q-Chem begins on Mon Oct 10 13:57:16 2022  

Host: alastor.as.kent.edu
0

     Scratch files written to /home/eholder/gauss-convert/h2o/qchem/stretch/cis//
Processing $rem in /data/dunietz/qchem/qchem-5.3.0/config/preferences:
Processing $rem in /home/eholder/.qchemrc:
The previous job contains 0 fragments, simply inherited here

Checking the input file for inconsistencies... 	...done.

--------------------------------------------------------------
User input:
--------------------------------------------------------------
$molecule
read molecule
$end

$rem
jobtype = sp
exchange = wB97XD
basis = 6-31++G(d,p)
iqmol_fchk = true
symmetry = false
$end
--------------------------------------------------------------
 ----------------------------------------------------------------
             Standard Nuclear Orientation (Angstroms)
    I     Atom           X                Y                Z
 ----------------------------------------------------------------
    1      O      -0.0310332845    -0.1135813386     0.0000000000
    2      H      -0.7384096785     0.5360558360    -0.0000000000
    3      H       0.9866759541     0.3725948728     0.0000000000
 ----------------------------------------------------------------
 Molecular Point Group                 Cs    NOp =  2
 Largest Abelian Subgroup              Cs    NOp =  2
 Nuclear Repulsion Energy =           8.46665138 hartrees
 There are        5 alpha and        5 beta electrons
 Requested basis set is 6-31++G(d,p)
 There are 13 shells and 31 basis functions

 Total QAlloc Memory Limit   2000 MB
 Mega-Array Size       188 MB
 MEM_STATIC part       192 MB

                       Distance Matrix (Angstroms)
             O (  1)   H (  2)
   H (  2)  0.960422
   H (  3)  1.127874  1.732813

 A cutoff of  1.0D-08 yielded     91 shell pairs
 There are       535 function pairs
 Smallest overlap matrix eigenvalue = 1.33E-02

 Scale SEOQF with 1.000000e-01/1.000000e+00/1.000000e+00

 Standard Electronic Orientation quadrupole field applied
 Nucleus-field energy     =     0.0000000004 hartrees
 Guess from superposition of atomic densities
 Warning:  Energy on first SCF cycle will be non-variational
 SAD guess density has 10.000000 electrons

 -----------------------------------------------------------------------
  General SCF calculation program by
  Eric Jon Sundstrom, Paul Horn, Yuezhi Mao, Dmitri Zuev, Alec White,
  David Stuck, Shaama M.S., Shane Yost, Joonho Lee, David Small,
  Daniel Levine, Susi Lehtola, Hugh Burton, Evgeny Epifanovsky,
  Bang C. Huynh
 -----------------------------------------------------------------------
 Exchange:     0.2220 Hartree-Fock + 1.0000 wB97X-D + LR-HF
 Correlation:  1.0000 wB97X-D
 Using SG-2 standard quadrature grid
 Dispersion:   Grimme D
 using 8 threads for integral computing
 -------------------------------------------------------
 OpenMP Integral computing Module                
 Release: version 1.0, May 2013, Q-Chem Inc. Pittsburgh 
 -------------------------------------------------------
 using 8 threads for integral computing
 -------------------------------------------------------
 OpenMP Integral computing Module                
 Release: version 1.0, May 2013, Q-Chem Inc. Pittsburgh 
 -------------------------------------------------------
 A restricted SCF calculation will be
 performed using DIIS
 SCF converges when DIIS error is below 1.0e-05
 ---------------------------------------
  Cycle       Energy         DIIS error
 ---------------------------------------
    1     -76.2012923794      8.74e-02  
    2     -76.3266758569      2.44e-02  
    3     -76.3251641577      2.70e-02  
    4     -76.3867257275      1.04e-03  
    5     -76.3868325893      3.35e-04  
    6     -76.3868447145      4.62e-05  
    7     -76.3868450204      4.08e-06  Convergence criterion met
 ---------------------------------------
 SCF time:   CPU 4.00s  wall 5.00s 
 SCF   energy in the final basis set =      -76.3868450204
 Total energy in the final basis set =      -76.3868450204

 --------------------------------------------------------------
             Orbital Energies (a.u.) and Symmetries
 --------------------------------------------------------------

 Alpha MOs, Restricted
 -- Occupied --                  
-19.295  -1.089  -0.607  -0.461  -0.398
  1 A'    2 A'    3 A'    4 A'    1 A"                                         
 -- Virtual --                   
  0.031   0.071   0.185   0.232   0.238   0.266   0.301   0.337
  5 A'    6 A'    7 A'    8 A'    2 A"    9 A'   10 A'   11 A'                 
  0.957   1.063   1.205   1.209   1.294   1.466   1.586   1.678
 12 A'   13 A'    3 A"   14 A'   15 A'   16 A'    4 A"   17 A'                 
  1.745   2.122   2.249   2.515   2.535   2.745   2.960   3.320
  5 A"   18 A'   19 A'   20 A'    6 A"    7 A"   21 A'   22 A'                 
  3.605   4.092
 23 A'   24 A'                                                                 

 Beta MOs, Restricted
 -- Occupied --                  
-19.295  -1.089  -0.607  -0.461  -0.398
  1 A'    2 A'    3 A'    4 A'    1 A"                                         
 -- Virtual --                   
  0.031   0.071   0.185   0.232   0.238   0.266   0.301   0.337
  5 A'    6 A'    7 A'    8 A'    2 A"    9 A'   10 A'   11 A'                 
  0.957   1.063   1.205   1.209   1.294   1.466   1.586   1.678
 12 A'   13 A'    3 A"   14 A'   15 A'   16 A'    4 A"   17 A'                 
  1.745   2.122   2.249   2.515   2.535   2.745   2.960   3.320
  5 A"   18 A'   19 A'   20 A'    6 A"    7 A"   21 A'   22 A'                 
  3.605   4.092
 23 A'   24 A'                                                                 
 --------------------------------------------------------------

          Ground-State Mulliken Net Atomic Charges

     Atom                 Charge (a.u.)
  ----------------------------------------
      1 O                    -0.712512
      2 H                     0.361689
      3 H                     0.350823
  ----------------------------------------
  Sum of atomic charges =     0.000000

 -----------------------------------------------------------------
                    Cartesian Multipole Moments
 -----------------------------------------------------------------
    Charge (ESU x 10^10)
                -0.0000
    Dipole Moment (Debye)
         X       0.4544      Y       2.1058      Z       0.0000
       Tot       2.1543
    Quadrupole Moments (Debye-Ang)
        XX      -3.7659     XY      -0.1976     YY      -6.6859
        XZ      -0.0000     YZ       0.0000     ZZ      -7.9900
    Octopole Moments (Debye-Ang^2)
       XXX       1.0259    XXY       1.5885    XYY      -0.1701
       YYY       1.3954    XXZ       0.0000    XYZ      -0.0000
       YYZ      -0.0000    XZZ      -0.0208    YZZ       0.3954
       ZZZ      -0.0000
    Hexadecapole Moments (Debye-Ang^3)
      XXXX      -6.5519   XXXY       0.0526   XXYY      -2.3041
      XYYY      -0.4624   YYYY      -8.2544   XXXZ      -0.0000
      XXYZ       0.0000   XYYZ      -0.0000   YYYZ       0.0000
      XXZZ      -2.9392   XYZZ      -0.1010   YYZZ      -2.7535
      XZZZ      -0.0000   YZZZ       0.0000   ZZZZ      -7.9404
 -----------------------------------------------------------------
Archival summary:
1\1\alastor.as.kent.edu\SP\ProcedureUnspecified\BasisUnspecified\12\eholder\MonOct1013:57:222022MonOct1013:57:222022\0\\#,ProcedureUnspecified,BasisUnspecified,\\0,1\O\H,1,0.960422\H,1,1.12787,2,111.902\\\@

 Total job time:  5.74s(wall), 4.33s(cpu) 
 Mon Oct 10 13:57:22 2022

        *************************************************************
        *                                                           *
        *  Thank you very much for using Q-Chem.  Have a nice day.  *
        *                                                           *
        *************************************************************


